#-----------------------------------------------------------
# Vivado v2024.1 (64-bit)
# SW Build 5076996 on Wed May 22 18:37:14 MDT 2024
# IP Build 5075265 on Wed May 22 21:45:21 MDT 2024
# SharedData Build 5076995 on Wed May 22 18:29:18 MDT 2024
# Start of session at: Thu Aug 22 13:04:12 2024
# Process ID: 52788
# Current directory: C:/Users/nirma/OneDrive/Documents/SELTEN-DESIGN/project_1/project_1.runs/synth_1
# Command line: vivado.exe -log CPU.vds -product Vivado -mode batch -messageDb vivado.pb -notrace -source CPU.tcl
# Log file: C:/Users/nirma/OneDrive/Documents/SELTEN-DESIGN/project_1/project_1.runs/synth_1/CPU.vds
# Journal file: C:/Users/nirma/OneDrive/Documents/SELTEN-DESIGN/project_1/project_1.runs/synth_1\vivado.jou
# Running On        :BALAJI
# Platform          :Windows Server 2016 or Windows 10
# Operating System  :22631
# Processor Detail  :13th Gen Intel(R) Core(TM) i5-1345U
# CPU Frequency     :2496 MHz
# CPU Physical cores:10
# CPU Logical cores :12
# Host memory       :16849 MB
# Swap memory       :4563 MB
# Total Virtual     :21412 MB
# Available Virtual :6476 MB
#-----------------------------------------------------------
source CPU.tcl -notrace
